------------------------------------------------------------
TimeQuest Timing Analyzer Summary
------------------------------------------------------------

Type  : Slow 1200mV 85C Model Setup 'clk50M'
Slack : 15.332
TNS   : 0.000

Type  : Slow 1200mV 85C Model Setup 'clk25M'
Slack : 37.649
TNS   : 0.000

Type  : Slow 1200mV 85C Model Setup 'clk1M'
Slack : 990.701
TNS   : 0.000

Type  : Slow 1200mV 85C Model Setup 'clk1hz'
Slack : 999992.274
TNS   : 0.000

Type  : Slow 1200mV 85C Model Hold 'clk1M'
Slack : 0.452
TNS   : 0.000

Type  : Slow 1200mV 85C Model Hold 'clk50M'
Slack : 0.452
TNS   : 0.000

Type  : Slow 1200mV 85C Model Hold 'clk1hz'
Slack : 0.453
TNS   : 0.000

Type  : Slow 1200mV 85C Model Hold 'clk25M'
Slack : 0.465
TNS   : 0.000

Type  : Slow 1200mV 85C Model Minimum Pulse Width 'clk50M'
Slack : 9.735
TNS   : 0.000

Type  : Slow 1200mV 85C Model Minimum Pulse Width 'clk25M'
Slack : 19.753
TNS   : 0.000

Type  : Slow 1200mV 85C Model Minimum Pulse Width 'clk1M'
Slack : 499.781
TNS   : 0.000

Type  : Slow 1200mV 85C Model Minimum Pulse Width 'clk1hz'
Slack : 499999.610
TNS   : 0.000

Type  : Slow 1200mV 0C Model Setup 'clk50M'
Slack : 15.677
TNS   : 0.000

Type  : Slow 1200mV 0C Model Setup 'clk25M'
Slack : 37.897
TNS   : 0.000

Type  : Slow 1200mV 0C Model Setup 'clk1M'
Slack : 991.321
TNS   : 0.000

Type  : Slow 1200mV 0C Model Setup 'clk1hz'
Slack : 999992.855
TNS   : 0.000

Type  : Slow 1200mV 0C Model Hold 'clk1M'
Slack : 0.401
TNS   : 0.000

Type  : Slow 1200mV 0C Model Hold 'clk1hz'
Slack : 0.401
TNS   : 0.000

Type  : Slow 1200mV 0C Model Hold 'clk50M'
Slack : 0.401
TNS   : 0.000

Type  : Slow 1200mV 0C Model Hold 'clk25M'
Slack : 0.417
TNS   : 0.000

Type  : Slow 1200mV 0C Model Minimum Pulse Width 'clk50M'
Slack : 9.750
TNS   : 0.000

Type  : Slow 1200mV 0C Model Minimum Pulse Width 'clk25M'
Slack : 19.712
TNS   : 0.000

Type  : Slow 1200mV 0C Model Minimum Pulse Width 'clk1M'
Slack : 499.765
TNS   : 0.000

Type  : Slow 1200mV 0C Model Minimum Pulse Width 'clk1hz'
Slack : 499999.465
TNS   : 0.000

Type  : Fast 1200mV 0C Model Setup 'clk50M'
Slack : 17.961
TNS   : 0.000

Type  : Fast 1200mV 0C Model Setup 'clk25M'
Slack : 38.969
TNS   : 0.000

Type  : Fast 1200mV 0C Model Setup 'clk1M'
Slack : 995.723
TNS   : 0.000

Type  : Fast 1200mV 0C Model Setup 'clk1hz'
Slack : 999996.678
TNS   : 0.000

Type  : Fast 1200mV 0C Model Hold 'clk50M'
Slack : 0.185
TNS   : 0.000

Type  : Fast 1200mV 0C Model Hold 'clk1M'
Slack : 0.186
TNS   : 0.000

Type  : Fast 1200mV 0C Model Hold 'clk1hz'
Slack : 0.186
TNS   : 0.000

Type  : Fast 1200mV 0C Model Hold 'clk25M'
Slack : 0.194
TNS   : 0.000

Type  : Fast 1200mV 0C Model Minimum Pulse Width 'clk50M'
Slack : 9.263
TNS   : 0.000

Type  : Fast 1200mV 0C Model Minimum Pulse Width 'clk25M'
Slack : 19.737
TNS   : 0.000

Type  : Fast 1200mV 0C Model Minimum Pulse Width 'clk1M'
Slack : 499.763
TNS   : 0.000

Type  : Fast 1200mV 0C Model Minimum Pulse Width 'clk1hz'
Slack : 499999.660
TNS   : 0.000

------------------------------------------------------------
